{"id":"ex1","tid":1,"interface":"ExternalMachine","name":"EStart","args":["<1,10>Rat"]}
