Recieved Tick
Recieved Tick
Recieved Tick
Recieved Tick
Recieved Tick
