Driver Machine
Goto Machine
Goto Machine
Goto Machine
