{"id":"ex1","interface":"ExternalMachine","name":"EStart","args":[]}
