[A]: Pre Sleep
[B]: Pre Sleep
[C]: Pre Sleep
[C]: Post Sleep
[B]: Post Sleep
[A]: Post Sleep
