{"id":"ex1","tid":1,"interface":"ExternalMachine","name":"EStart","args":[]}
