[A]: Pre Sleep
[B]: Pre Sleep
[B]: Post Sleep
[A]: Post Sleep
