{
  "id": "tabletApp",
  "tid" :1,
  "interface": "TabletApp",
  "name": "ConfirmAgeEntered",
  "args": []
}
