{"id":"tabletApp","tid":1,"interface":"TabletApp","name":"Instruct","args":["Enter patient age"]}
