constructed with negative
constructed with positive
