{"id": "ex1", "tid": 1, "interface": "External", "name": "Obtain", "args": ["temp"]}
98.7
