[A]: Pre Sleep
[A]: Post Sleep
[A]: Pre Sleep
[A]: Post Sleep
[A]: Pre Sleep
[A]: Post Sleep
[A]: Pre Sleep
[A]: Post Sleep
[A]: Pre Sleep
[A]: Post Sleep
